// Jest Snapshot v1, https://goo.gl/fbAQLP

exports[`Splash should match the snapshot 1`] = `
ReactWrapper {
  Symbol(enzyme.__unrendered__): <Splash
    exitSplash={[MockFunction]}
    films={
      Array [
        Object {
          "date": "1976",
          "text": "A Long Time Ago...",
          "title": "A New Hope",
        },
      ]
    }
  />,
  Symbol(enzyme.__renderer__): Object {
    "batchedUpdates": [Function],
    "getNode": [Function],
    "render": [Function],
    "simulateError": [Function],
    "simulateEvent": [Function],
    "unmount": [Function],
  },
  Symbol(enzyme.__root__): [Circular],
  Symbol(enzyme.__node__): Object {
    "instance": null,
    "key": undefined,
    "nodeType": "function",
    "props": Object {
      "exitSplash": [MockFunction],
      "films": Array [
        Object {
          "date": "1976",
          "text": "A Long Time Ago...",
          "title": "A New Hope",
        },
      ],
    },
    "ref": null,
    "rendered": Object {
      "instance": <section
        class="background"
      >
        <div
          class="fade"
        />
      </section>,
      "key": undefined,
      "nodeType": "host",
      "props": Object {
        "children": <div
          className="fade"
        />,
        "className": "background",
      },
      "ref": null,
      "rendered": Array [
        Object {
          "instance": <div
            class="fade"
          />,
          "key": undefined,
          "nodeType": "host",
          "props": Object {
            "className": "fade",
          },
          "ref": null,
          "rendered": Array [
            undefined,
          ],
          "type": "div",
        },
      ],
      "type": "section",
    },
    "type": [Function],
  },
  Symbol(enzyme.__nodes__): Array [
    Object {
      "instance": null,
      "key": undefined,
      "nodeType": "function",
      "props": Object {
        "exitSplash": [MockFunction],
        "films": Array [
          Object {
            "date": "1976",
            "text": "A Long Time Ago...",
            "title": "A New Hope",
          },
        ],
      },
      "ref": null,
      "rendered": Object {
        "instance": <section
          class="background"
        >
          <div
            class="fade"
          />
        </section>,
        "key": undefined,
        "nodeType": "host",
        "props": Object {
          "children": <div
            className="fade"
          />,
          "className": "background",
        },
        "ref": null,
        "rendered": Array [
          Object {
            "instance": <div
              class="fade"
            />,
            "key": undefined,
            "nodeType": "host",
            "props": Object {
              "className": "fade",
            },
            "ref": null,
            "rendered": Array [
              undefined,
            ],
            "type": "div",
          },
        ],
        "type": "section",
      },
      "type": [Function],
    },
  ],
  Symbol(enzyme.__options__): Object {
    "adapter": ReactSixteenAdapter {
      "options": Object {
        "enableComponentDidUpdateOnSetState": true,
        "lifecycles": Object {
          "componentDidUpdate": Object {
            "onSetState": true,
          },
          "getDerivedStateFromProps": true,
          "getSnapshotBeforeUpdate": true,
          "setState": Object {
            "skipsComponentDidUpdateOnNullish": true,
          },
        },
      },
    },
  },
}
`;
