// Jest Snapshot v1, https://goo.gl/fbAQLP

exports[`Splash Should render backgound if no film 1`] = `
ReactWrapper {
  Symbol(enzyme.__unrendered__): <Splash
    exitSplash={[MockFunction]}
    films={
      Array [
        Object {
          "date": "1976",
          "text": "A Long Time Ago...",
          "title": "A New Hope",
        },
        Object {
          "date": "1976",
          "text": "A Long Time Ago...",
          "title": "A New Hope",
        },
        Object {
          "date": "1976",
          "text": "A Long Time Ago...",
          "title": "A New Hope",
        },
        Object {
          "date": "1976",
          "text": "A Long Time Ago...",
          "title": "A New Hope",
        },
        Object {
          "date": "1976",
          "text": "A Long Time Ago...",
          "title": "A New Hope",
        },
        Object {
          "date": "1976",
          "text": "A Long Time Ago...",
          "title": "A New Hope",
        },
        Object {
          "date": "1976",
          "text": "A Long Time Ago...",
          "title": "A New Hope",
        },
      ]
    }
  />,
  Symbol(enzyme.__renderer__): Object {
    "batchedUpdates": [Function],
    "getNode": [Function],
    "render": [Function],
    "simulateError": [Function],
    "simulateEvent": [Function],
    "unmount": [Function],
  },
  Symbol(enzyme.__root__): [Circular],
  Symbol(enzyme.__node__): Object {
    "instance": null,
    "key": undefined,
    "nodeType": "function",
    "props": Object {
      "exitSplash": [MockFunction],
      "films": Array [
        Object {
          "date": "1976",
          "text": "A Long Time Ago...",
          "title": "A New Hope",
        },
        Object {
          "date": "1976",
          "text": "A Long Time Ago...",
          "title": "A New Hope",
        },
        Object {
          "date": "1976",
          "text": "A Long Time Ago...",
          "title": "A New Hope",
        },
        Object {
          "date": "1976",
          "text": "A Long Time Ago...",
          "title": "A New Hope",
        },
        Object {
          "date": "1976",
          "text": "A Long Time Ago...",
          "title": "A New Hope",
        },
        Object {
          "date": "1976",
          "text": "A Long Time Ago...",
          "title": "A New Hope",
        },
        Object {
          "date": "1976",
          "text": "A Long Time Ago...",
          "title": "A New Hope",
        },
      ],
    },
    "ref": null,
    "rendered": Object {
      "instance": <section
        class="background"
      >
        <div
          class="fade"
        >
          <div
            class="logo"
          >
            <img
              alt="StarWars logo"
              src="http://pngimg.com/uploads/star_wars_logo/star_wars_logo_PNG29.png"
              title="click to enter site"
            />
          </div>
        </div>
        <section
          class="crawl-container"
        >
          <div
            class="crawl"
          >
            A Long Time Ago...
            <p>
              A New Hope
            </p>
            <p>
              1976
            </p>
          </div>
        </section>
        <div
          class="button-div"
        >
          <button
            class="enter-btn"
            type="button"
          >
            ENTER
          </button>
        </div>
      </section>,
      "key": undefined,
      "nodeType": "host",
      "props": Object {
        "children": Array [
          <div
            className="fade"
          >
            <div
              className="logo"
            >
              <img
                alt="StarWars logo"
                onClick={[Function]}
                src="http://pngimg.com/uploads/star_wars_logo/star_wars_logo_PNG29.png"
                title="click to enter site"
              />
            </div>
          </div>,
          <section
            className="crawl-container"
          >
            <div
              className="crawl"
            >
              A Long Time Ago...
              <p>
                A New Hope
              </p>
              <p>
                1976
              </p>
            </div>
          </section>,
          <div
            className="button-div"
          >
            <button
              className="enter-btn"
              onClick={[Function]}
              type="button"
            >
              ENTER
            </button>
          </div>,
        ],
        "className": "background",
      },
      "ref": null,
      "rendered": Array [
        Object {
          "instance": <div
            class="fade"
          >
            <div
              class="logo"
            >
              <img
                alt="StarWars logo"
                src="http://pngimg.com/uploads/star_wars_logo/star_wars_logo_PNG29.png"
                title="click to enter site"
              />
            </div>
          </div>,
          "key": undefined,
          "nodeType": "host",
          "props": Object {
            "children": <div
              className="logo"
            >
              <img
                alt="StarWars logo"
                onClick={[Function]}
                src="http://pngimg.com/uploads/star_wars_logo/star_wars_logo_PNG29.png"
                title="click to enter site"
              />
            </div>,
            "className": "fade",
          },
          "ref": null,
          "rendered": Array [
            Object {
              "instance": <div
                class="logo"
              >
                <img
                  alt="StarWars logo"
                  src="http://pngimg.com/uploads/star_wars_logo/star_wars_logo_PNG29.png"
                  title="click to enter site"
                />
              </div>,
              "key": undefined,
              "nodeType": "host",
              "props": Object {
                "children": <img
                  alt="StarWars logo"
                  onClick={[Function]}
                  src="http://pngimg.com/uploads/star_wars_logo/star_wars_logo_PNG29.png"
                  title="click to enter site"
                />,
                "className": "logo",
              },
              "ref": null,
              "rendered": Array [
                Object {
                  "instance": <img
                    alt="StarWars logo"
                    src="http://pngimg.com/uploads/star_wars_logo/star_wars_logo_PNG29.png"
                    title="click to enter site"
                  />,
                  "key": undefined,
                  "nodeType": "host",
                  "props": Object {
                    "alt": "StarWars logo",
                    "onClick": [Function],
                    "src": "http://pngimg.com/uploads/star_wars_logo/star_wars_logo_PNG29.png",
                    "title": "click to enter site",
                  },
                  "ref": null,
                  "rendered": Array [
                    undefined,
                  ],
                  "type": "img",
                },
              ],
              "type": "div",
            },
          ],
          "type": "div",
        },
        Object {
          "instance": <section
            class="crawl-container"
          >
            <div
              class="crawl"
            >
              A Long Time Ago...
              <p>
                A New Hope
              </p>
              <p>
                1976
              </p>
            </div>
          </section>,
          "key": undefined,
          "nodeType": "host",
          "props": Object {
            "children": <div
              className="crawl"
            >
              A Long Time Ago...
              <p>
                A New Hope
              </p>
              <p>
                1976
              </p>
            </div>,
            "className": "crawl-container",
          },
          "ref": null,
          "rendered": Array [
            Object {
              "instance": <div
                class="crawl"
              >
                A Long Time Ago...
                <p>
                  A New Hope
                </p>
                <p>
                  1976
                </p>
              </div>,
              "key": undefined,
              "nodeType": "host",
              "props": Object {
                "children": Array [
                  "A Long Time Ago...",
                  <p>
                    A New Hope
                  </p>,
                  <p>
                    1976
                  </p>,
                ],
                "className": "crawl",
              },
              "ref": null,
              "rendered": Array [
                "A Long Time Ago...",
                Object {
                  "instance": <p>
                    A New Hope
                  </p>,
                  "key": undefined,
                  "nodeType": "host",
                  "props": Object {
                    "children": "A New Hope",
                  },
                  "ref": null,
                  "rendered": Array [
                    "A New Hope",
                  ],
                  "type": "p",
                },
                Object {
                  "instance": <p>
                    1976
                  </p>,
                  "key": undefined,
                  "nodeType": "host",
                  "props": Object {
                    "children": "1976",
                  },
                  "ref": null,
                  "rendered": Array [
                    "1976",
                  ],
                  "type": "p",
                },
              ],
              "type": "div",
            },
          ],
          "type": "section",
        },
        Object {
          "instance": <div
            class="button-div"
          >
            <button
              class="enter-btn"
              type="button"
            >
              ENTER
            </button>
          </div>,
          "key": undefined,
          "nodeType": "host",
          "props": Object {
            "children": <button
              className="enter-btn"
              onClick={[Function]}
              type="button"
            >
              ENTER
            </button>,
            "className": "button-div",
          },
          "ref": null,
          "rendered": Array [
            Object {
              "instance": <button
                class="enter-btn"
                type="button"
              >
                ENTER
              </button>,
              "key": undefined,
              "nodeType": "host",
              "props": Object {
                "children": "ENTER",
                "className": "enter-btn",
                "onClick": [Function],
                "type": "button",
              },
              "ref": null,
              "rendered": Array [
                "ENTER",
              ],
              "type": "button",
            },
          ],
          "type": "div",
        },
      ],
      "type": "section",
    },
    "type": [Function],
  },
  Symbol(enzyme.__nodes__): Array [
    Object {
      "instance": null,
      "key": undefined,
      "nodeType": "function",
      "props": Object {
        "exitSplash": [MockFunction],
        "films": Array [
          Object {
            "date": "1976",
            "text": "A Long Time Ago...",
            "title": "A New Hope",
          },
          Object {
            "date": "1976",
            "text": "A Long Time Ago...",
            "title": "A New Hope",
          },
          Object {
            "date": "1976",
            "text": "A Long Time Ago...",
            "title": "A New Hope",
          },
          Object {
            "date": "1976",
            "text": "A Long Time Ago...",
            "title": "A New Hope",
          },
          Object {
            "date": "1976",
            "text": "A Long Time Ago...",
            "title": "A New Hope",
          },
          Object {
            "date": "1976",
            "text": "A Long Time Ago...",
            "title": "A New Hope",
          },
          Object {
            "date": "1976",
            "text": "A Long Time Ago...",
            "title": "A New Hope",
          },
        ],
      },
      "ref": null,
      "rendered": Object {
        "instance": <section
          class="background"
        >
          <div
            class="fade"
          >
            <div
              class="logo"
            >
              <img
                alt="StarWars logo"
                src="http://pngimg.com/uploads/star_wars_logo/star_wars_logo_PNG29.png"
                title="click to enter site"
              />
            </div>
          </div>
          <section
            class="crawl-container"
          >
            <div
              class="crawl"
            >
              A Long Time Ago...
              <p>
                A New Hope
              </p>
              <p>
                1976
              </p>
            </div>
          </section>
          <div
            class="button-div"
          >
            <button
              class="enter-btn"
              type="button"
            >
              ENTER
            </button>
          </div>
        </section>,
        "key": undefined,
        "nodeType": "host",
        "props": Object {
          "children": Array [
            <div
              className="fade"
            >
              <div
                className="logo"
              >
                <img
                  alt="StarWars logo"
                  onClick={[Function]}
                  src="http://pngimg.com/uploads/star_wars_logo/star_wars_logo_PNG29.png"
                  title="click to enter site"
                />
              </div>
            </div>,
            <section
              className="crawl-container"
            >
              <div
                className="crawl"
              >
                A Long Time Ago...
                <p>
                  A New Hope
                </p>
                <p>
                  1976
                </p>
              </div>
            </section>,
            <div
              className="button-div"
            >
              <button
                className="enter-btn"
                onClick={[Function]}
                type="button"
              >
                ENTER
              </button>
            </div>,
          ],
          "className": "background",
        },
        "ref": null,
        "rendered": Array [
          Object {
            "instance": <div
              class="fade"
            >
              <div
                class="logo"
              >
                <img
                  alt="StarWars logo"
                  src="http://pngimg.com/uploads/star_wars_logo/star_wars_logo_PNG29.png"
                  title="click to enter site"
                />
              </div>
            </div>,
            "key": undefined,
            "nodeType": "host",
            "props": Object {
              "children": <div
                className="logo"
              >
                <img
                  alt="StarWars logo"
                  onClick={[Function]}
                  src="http://pngimg.com/uploads/star_wars_logo/star_wars_logo_PNG29.png"
                  title="click to enter site"
                />
              </div>,
              "className": "fade",
            },
            "ref": null,
            "rendered": Array [
              Object {
                "instance": <div
                  class="logo"
                >
                  <img
                    alt="StarWars logo"
                    src="http://pngimg.com/uploads/star_wars_logo/star_wars_logo_PNG29.png"
                    title="click to enter site"
                  />
                </div>,
                "key": undefined,
                "nodeType": "host",
                "props": Object {
                  "children": <img
                    alt="StarWars logo"
                    onClick={[Function]}
                    src="http://pngimg.com/uploads/star_wars_logo/star_wars_logo_PNG29.png"
                    title="click to enter site"
                  />,
                  "className": "logo",
                },
                "ref": null,
                "rendered": Array [
                  Object {
                    "instance": <img
                      alt="StarWars logo"
                      src="http://pngimg.com/uploads/star_wars_logo/star_wars_logo_PNG29.png"
                      title="click to enter site"
                    />,
                    "key": undefined,
                    "nodeType": "host",
                    "props": Object {
                      "alt": "StarWars logo",
                      "onClick": [Function],
                      "src": "http://pngimg.com/uploads/star_wars_logo/star_wars_logo_PNG29.png",
                      "title": "click to enter site",
                    },
                    "ref": null,
                    "rendered": Array [
                      undefined,
                    ],
                    "type": "img",
                  },
                ],
                "type": "div",
              },
            ],
            "type": "div",
          },
          Object {
            "instance": <section
              class="crawl-container"
            >
              <div
                class="crawl"
              >
                A Long Time Ago...
                <p>
                  A New Hope
                </p>
                <p>
                  1976
                </p>
              </div>
            </section>,
            "key": undefined,
            "nodeType": "host",
            "props": Object {
              "children": <div
                className="crawl"
              >
                A Long Time Ago...
                <p>
                  A New Hope
                </p>
                <p>
                  1976
                </p>
              </div>,
              "className": "crawl-container",
            },
            "ref": null,
            "rendered": Array [
              Object {
                "instance": <div
                  class="crawl"
                >
                  A Long Time Ago...
                  <p>
                    A New Hope
                  </p>
                  <p>
                    1976
                  </p>
                </div>,
                "key": undefined,
                "nodeType": "host",
                "props": Object {
                  "children": Array [
                    "A Long Time Ago...",
                    <p>
                      A New Hope
                    </p>,
                    <p>
                      1976
                    </p>,
                  ],
                  "className": "crawl",
                },
                "ref": null,
                "rendered": Array [
                  "A Long Time Ago...",
                  Object {
                    "instance": <p>
                      A New Hope
                    </p>,
                    "key": undefined,
                    "nodeType": "host",
                    "props": Object {
                      "children": "A New Hope",
                    },
                    "ref": null,
                    "rendered": Array [
                      "A New Hope",
                    ],
                    "type": "p",
                  },
                  Object {
                    "instance": <p>
                      1976
                    </p>,
                    "key": undefined,
                    "nodeType": "host",
                    "props": Object {
                      "children": "1976",
                    },
                    "ref": null,
                    "rendered": Array [
                      "1976",
                    ],
                    "type": "p",
                  },
                ],
                "type": "div",
              },
            ],
            "type": "section",
          },
          Object {
            "instance": <div
              class="button-div"
            >
              <button
                class="enter-btn"
                type="button"
              >
                ENTER
              </button>
            </div>,
            "key": undefined,
            "nodeType": "host",
            "props": Object {
              "children": <button
                className="enter-btn"
                onClick={[Function]}
                type="button"
              >
                ENTER
              </button>,
              "className": "button-div",
            },
            "ref": null,
            "rendered": Array [
              Object {
                "instance": <button
                  class="enter-btn"
                  type="button"
                >
                  ENTER
                </button>,
                "key": undefined,
                "nodeType": "host",
                "props": Object {
                  "children": "ENTER",
                  "className": "enter-btn",
                  "onClick": [Function],
                  "type": "button",
                },
                "ref": null,
                "rendered": Array [
                  "ENTER",
                ],
                "type": "button",
              },
            ],
            "type": "div",
          },
        ],
        "type": "section",
      },
      "type": [Function],
    },
  ],
  Symbol(enzyme.__options__): Object {
    "adapter": ReactSixteenAdapter {
      "options": Object {
        "enableComponentDidUpdateOnSetState": true,
        "lifecycles": Object {
          "componentDidUpdate": Object {
            "onSetState": true,
          },
          "getDerivedStateFromProps": true,
          "getSnapshotBeforeUpdate": true,
          "setState": Object {
            "skipsComponentDidUpdateOnNullish": true,
          },
        },
      },
    },
  },
}
`;

exports[`Splash should match the snapshot 1`] = `
ReactWrapper {
  Symbol(enzyme.__unrendered__): <Splash
    exitSplash={[MockFunction]}
    films={
      Array [
        Object {
          "date": "1976",
          "text": "A Long Time Ago...",
          "title": "A New Hope",
        },
        Object {
          "date": "1976",
          "text": "A Long Time Ago...",
          "title": "A New Hope",
        },
        Object {
          "date": "1976",
          "text": "A Long Time Ago...",
          "title": "A New Hope",
        },
        Object {
          "date": "1976",
          "text": "A Long Time Ago...",
          "title": "A New Hope",
        },
        Object {
          "date": "1976",
          "text": "A Long Time Ago...",
          "title": "A New Hope",
        },
        Object {
          "date": "1976",
          "text": "A Long Time Ago...",
          "title": "A New Hope",
        },
        Object {
          "date": "1976",
          "text": "A Long Time Ago...",
          "title": "A New Hope",
        },
      ]
    }
  />,
  Symbol(enzyme.__renderer__): Object {
    "batchedUpdates": [Function],
    "getNode": [Function],
    "render": [Function],
    "simulateError": [Function],
    "simulateEvent": [Function],
    "unmount": [Function],
  },
  Symbol(enzyme.__root__): [Circular],
  Symbol(enzyme.__node__): Object {
    "instance": null,
    "key": undefined,
    "nodeType": "function",
    "props": Object {
      "exitSplash": [MockFunction],
      "films": Array [
        Object {
          "date": "1976",
          "text": "A Long Time Ago...",
          "title": "A New Hope",
        },
        Object {
          "date": "1976",
          "text": "A Long Time Ago...",
          "title": "A New Hope",
        },
        Object {
          "date": "1976",
          "text": "A Long Time Ago...",
          "title": "A New Hope",
        },
        Object {
          "date": "1976",
          "text": "A Long Time Ago...",
          "title": "A New Hope",
        },
        Object {
          "date": "1976",
          "text": "A Long Time Ago...",
          "title": "A New Hope",
        },
        Object {
          "date": "1976",
          "text": "A Long Time Ago...",
          "title": "A New Hope",
        },
        Object {
          "date": "1976",
          "text": "A Long Time Ago...",
          "title": "A New Hope",
        },
      ],
    },
    "ref": null,
    "rendered": Object {
      "instance": <section
        class="background"
      >
        <div
          class="fade"
        >
          <div
            class="logo"
          >
            <img
              alt="StarWars logo"
              src="http://pngimg.com/uploads/star_wars_logo/star_wars_logo_PNG29.png"
              title="click to enter site"
            />
          </div>
        </div>
        <section
          class="crawl-container"
        >
          <div
            class="crawl"
          >
            A Long Time Ago...
            <p>
              A New Hope
            </p>
            <p>
              1976
            </p>
          </div>
        </section>
        <div
          class="button-div"
        >
          <button
            class="enter-btn"
            type="button"
          >
            ENTER
          </button>
        </div>
      </section>,
      "key": undefined,
      "nodeType": "host",
      "props": Object {
        "children": Array [
          <div
            className="fade"
          >
            <div
              className="logo"
            >
              <img
                alt="StarWars logo"
                onClick={[Function]}
                src="http://pngimg.com/uploads/star_wars_logo/star_wars_logo_PNG29.png"
                title="click to enter site"
              />
            </div>
          </div>,
          <section
            className="crawl-container"
          >
            <div
              className="crawl"
            >
              A Long Time Ago...
              <p>
                A New Hope
              </p>
              <p>
                1976
              </p>
            </div>
          </section>,
          <div
            className="button-div"
          >
            <button
              className="enter-btn"
              onClick={[Function]}
              type="button"
            >
              ENTER
            </button>
          </div>,
        ],
        "className": "background",
      },
      "ref": null,
      "rendered": Array [
        Object {
          "instance": <div
            class="fade"
          >
            <div
              class="logo"
            >
              <img
                alt="StarWars logo"
                src="http://pngimg.com/uploads/star_wars_logo/star_wars_logo_PNG29.png"
                title="click to enter site"
              />
            </div>
          </div>,
          "key": undefined,
          "nodeType": "host",
          "props": Object {
            "children": <div
              className="logo"
            >
              <img
                alt="StarWars logo"
                onClick={[Function]}
                src="http://pngimg.com/uploads/star_wars_logo/star_wars_logo_PNG29.png"
                title="click to enter site"
              />
            </div>,
            "className": "fade",
          },
          "ref": null,
          "rendered": Array [
            Object {
              "instance": <div
                class="logo"
              >
                <img
                  alt="StarWars logo"
                  src="http://pngimg.com/uploads/star_wars_logo/star_wars_logo_PNG29.png"
                  title="click to enter site"
                />
              </div>,
              "key": undefined,
              "nodeType": "host",
              "props": Object {
                "children": <img
                  alt="StarWars logo"
                  onClick={[Function]}
                  src="http://pngimg.com/uploads/star_wars_logo/star_wars_logo_PNG29.png"
                  title="click to enter site"
                />,
                "className": "logo",
              },
              "ref": null,
              "rendered": Array [
                Object {
                  "instance": <img
                    alt="StarWars logo"
                    src="http://pngimg.com/uploads/star_wars_logo/star_wars_logo_PNG29.png"
                    title="click to enter site"
                  />,
                  "key": undefined,
                  "nodeType": "host",
                  "props": Object {
                    "alt": "StarWars logo",
                    "onClick": [Function],
                    "src": "http://pngimg.com/uploads/star_wars_logo/star_wars_logo_PNG29.png",
                    "title": "click to enter site",
                  },
                  "ref": null,
                  "rendered": Array [
                    undefined,
                  ],
                  "type": "img",
                },
              ],
              "type": "div",
            },
          ],
          "type": "div",
        },
        Object {
          "instance": <section
            class="crawl-container"
          >
            <div
              class="crawl"
            >
              A Long Time Ago...
              <p>
                A New Hope
              </p>
              <p>
                1976
              </p>
            </div>
          </section>,
          "key": undefined,
          "nodeType": "host",
          "props": Object {
            "children": <div
              className="crawl"
            >
              A Long Time Ago...
              <p>
                A New Hope
              </p>
              <p>
                1976
              </p>
            </div>,
            "className": "crawl-container",
          },
          "ref": null,
          "rendered": Array [
            Object {
              "instance": <div
                class="crawl"
              >
                A Long Time Ago...
                <p>
                  A New Hope
                </p>
                <p>
                  1976
                </p>
              </div>,
              "key": undefined,
              "nodeType": "host",
              "props": Object {
                "children": Array [
                  "A Long Time Ago...",
                  <p>
                    A New Hope
                  </p>,
                  <p>
                    1976
                  </p>,
                ],
                "className": "crawl",
              },
              "ref": null,
              "rendered": Array [
                "A Long Time Ago...",
                Object {
                  "instance": <p>
                    A New Hope
                  </p>,
                  "key": undefined,
                  "nodeType": "host",
                  "props": Object {
                    "children": "A New Hope",
                  },
                  "ref": null,
                  "rendered": Array [
                    "A New Hope",
                  ],
                  "type": "p",
                },
                Object {
                  "instance": <p>
                    1976
                  </p>,
                  "key": undefined,
                  "nodeType": "host",
                  "props": Object {
                    "children": "1976",
                  },
                  "ref": null,
                  "rendered": Array [
                    "1976",
                  ],
                  "type": "p",
                },
              ],
              "type": "div",
            },
          ],
          "type": "section",
        },
        Object {
          "instance": <div
            class="button-div"
          >
            <button
              class="enter-btn"
              type="button"
            >
              ENTER
            </button>
          </div>,
          "key": undefined,
          "nodeType": "host",
          "props": Object {
            "children": <button
              className="enter-btn"
              onClick={[Function]}
              type="button"
            >
              ENTER
            </button>,
            "className": "button-div",
          },
          "ref": null,
          "rendered": Array [
            Object {
              "instance": <button
                class="enter-btn"
                type="button"
              >
                ENTER
              </button>,
              "key": undefined,
              "nodeType": "host",
              "props": Object {
                "children": "ENTER",
                "className": "enter-btn",
                "onClick": [Function],
                "type": "button",
              },
              "ref": null,
              "rendered": Array [
                "ENTER",
              ],
              "type": "button",
            },
          ],
          "type": "div",
        },
      ],
      "type": "section",
    },
    "type": [Function],
  },
  Symbol(enzyme.__nodes__): Array [
    Object {
      "instance": null,
      "key": undefined,
      "nodeType": "function",
      "props": Object {
        "exitSplash": [MockFunction],
        "films": Array [
          Object {
            "date": "1976",
            "text": "A Long Time Ago...",
            "title": "A New Hope",
          },
          Object {
            "date": "1976",
            "text": "A Long Time Ago...",
            "title": "A New Hope",
          },
          Object {
            "date": "1976",
            "text": "A Long Time Ago...",
            "title": "A New Hope",
          },
          Object {
            "date": "1976",
            "text": "A Long Time Ago...",
            "title": "A New Hope",
          },
          Object {
            "date": "1976",
            "text": "A Long Time Ago...",
            "title": "A New Hope",
          },
          Object {
            "date": "1976",
            "text": "A Long Time Ago...",
            "title": "A New Hope",
          },
          Object {
            "date": "1976",
            "text": "A Long Time Ago...",
            "title": "A New Hope",
          },
        ],
      },
      "ref": null,
      "rendered": Object {
        "instance": <section
          class="background"
        >
          <div
            class="fade"
          >
            <div
              class="logo"
            >
              <img
                alt="StarWars logo"
                src="http://pngimg.com/uploads/star_wars_logo/star_wars_logo_PNG29.png"
                title="click to enter site"
              />
            </div>
          </div>
          <section
            class="crawl-container"
          >
            <div
              class="crawl"
            >
              A Long Time Ago...
              <p>
                A New Hope
              </p>
              <p>
                1976
              </p>
            </div>
          </section>
          <div
            class="button-div"
          >
            <button
              class="enter-btn"
              type="button"
            >
              ENTER
            </button>
          </div>
        </section>,
        "key": undefined,
        "nodeType": "host",
        "props": Object {
          "children": Array [
            <div
              className="fade"
            >
              <div
                className="logo"
              >
                <img
                  alt="StarWars logo"
                  onClick={[Function]}
                  src="http://pngimg.com/uploads/star_wars_logo/star_wars_logo_PNG29.png"
                  title="click to enter site"
                />
              </div>
            </div>,
            <section
              className="crawl-container"
            >
              <div
                className="crawl"
              >
                A Long Time Ago...
                <p>
                  A New Hope
                </p>
                <p>
                  1976
                </p>
              </div>
            </section>,
            <div
              className="button-div"
            >
              <button
                className="enter-btn"
                onClick={[Function]}
                type="button"
              >
                ENTER
              </button>
            </div>,
          ],
          "className": "background",
        },
        "ref": null,
        "rendered": Array [
          Object {
            "instance": <div
              class="fade"
            >
              <div
                class="logo"
              >
                <img
                  alt="StarWars logo"
                  src="http://pngimg.com/uploads/star_wars_logo/star_wars_logo_PNG29.png"
                  title="click to enter site"
                />
              </div>
            </div>,
            "key": undefined,
            "nodeType": "host",
            "props": Object {
              "children": <div
                className="logo"
              >
                <img
                  alt="StarWars logo"
                  onClick={[Function]}
                  src="http://pngimg.com/uploads/star_wars_logo/star_wars_logo_PNG29.png"
                  title="click to enter site"
                />
              </div>,
              "className": "fade",
            },
            "ref": null,
            "rendered": Array [
              Object {
                "instance": <div
                  class="logo"
                >
                  <img
                    alt="StarWars logo"
                    src="http://pngimg.com/uploads/star_wars_logo/star_wars_logo_PNG29.png"
                    title="click to enter site"
                  />
                </div>,
                "key": undefined,
                "nodeType": "host",
                "props": Object {
                  "children": <img
                    alt="StarWars logo"
                    onClick={[Function]}
                    src="http://pngimg.com/uploads/star_wars_logo/star_wars_logo_PNG29.png"
                    title="click to enter site"
                  />,
                  "className": "logo",
                },
                "ref": null,
                "rendered": Array [
                  Object {
                    "instance": <img
                      alt="StarWars logo"
                      src="http://pngimg.com/uploads/star_wars_logo/star_wars_logo_PNG29.png"
                      title="click to enter site"
                    />,
                    "key": undefined,
                    "nodeType": "host",
                    "props": Object {
                      "alt": "StarWars logo",
                      "onClick": [Function],
                      "src": "http://pngimg.com/uploads/star_wars_logo/star_wars_logo_PNG29.png",
                      "title": "click to enter site",
                    },
                    "ref": null,
                    "rendered": Array [
                      undefined,
                    ],
                    "type": "img",
                  },
                ],
                "type": "div",
              },
            ],
            "type": "div",
          },
          Object {
            "instance": <section
              class="crawl-container"
            >
              <div
                class="crawl"
              >
                A Long Time Ago...
                <p>
                  A New Hope
                </p>
                <p>
                  1976
                </p>
              </div>
            </section>,
            "key": undefined,
            "nodeType": "host",
            "props": Object {
              "children": <div
                className="crawl"
              >
                A Long Time Ago...
                <p>
                  A New Hope
                </p>
                <p>
                  1976
                </p>
              </div>,
              "className": "crawl-container",
            },
            "ref": null,
            "rendered": Array [
              Object {
                "instance": <div
                  class="crawl"
                >
                  A Long Time Ago...
                  <p>
                    A New Hope
                  </p>
                  <p>
                    1976
                  </p>
                </div>,
                "key": undefined,
                "nodeType": "host",
                "props": Object {
                  "children": Array [
                    "A Long Time Ago...",
                    <p>
                      A New Hope
                    </p>,
                    <p>
                      1976
                    </p>,
                  ],
                  "className": "crawl",
                },
                "ref": null,
                "rendered": Array [
                  "A Long Time Ago...",
                  Object {
                    "instance": <p>
                      A New Hope
                    </p>,
                    "key": undefined,
                    "nodeType": "host",
                    "props": Object {
                      "children": "A New Hope",
                    },
                    "ref": null,
                    "rendered": Array [
                      "A New Hope",
                    ],
                    "type": "p",
                  },
                  Object {
                    "instance": <p>
                      1976
                    </p>,
                    "key": undefined,
                    "nodeType": "host",
                    "props": Object {
                      "children": "1976",
                    },
                    "ref": null,
                    "rendered": Array [
                      "1976",
                    ],
                    "type": "p",
                  },
                ],
                "type": "div",
              },
            ],
            "type": "section",
          },
          Object {
            "instance": <div
              class="button-div"
            >
              <button
                class="enter-btn"
                type="button"
              >
                ENTER
              </button>
            </div>,
            "key": undefined,
            "nodeType": "host",
            "props": Object {
              "children": <button
                className="enter-btn"
                onClick={[Function]}
                type="button"
              >
                ENTER
              </button>,
              "className": "button-div",
            },
            "ref": null,
            "rendered": Array [
              Object {
                "instance": <button
                  class="enter-btn"
                  type="button"
                >
                  ENTER
                </button>,
                "key": undefined,
                "nodeType": "host",
                "props": Object {
                  "children": "ENTER",
                  "className": "enter-btn",
                  "onClick": [Function],
                  "type": "button",
                },
                "ref": null,
                "rendered": Array [
                  "ENTER",
                ],
                "type": "button",
              },
            ],
            "type": "div",
          },
        ],
        "type": "section",
      },
      "type": [Function],
    },
  ],
  Symbol(enzyme.__options__): Object {
    "adapter": ReactSixteenAdapter {
      "options": Object {
        "enableComponentDidUpdateOnSetState": true,
        "lifecycles": Object {
          "componentDidUpdate": Object {
            "onSetState": true,
          },
          "getDerivedStateFromProps": true,
          "getSnapshotBeforeUpdate": true,
          "setState": Object {
            "skipsComponentDidUpdateOnNullish": true,
          },
        },
      },
    },
  },
}
`;
